------ Fri Oct 17 03:37:01 PM EDT 2025 ------
Uptime:
 15:37:01 up  1:11,  4 users,  load average: 0.15, 0.49, 0.36

Memory Usage:
               total        used        free      shared  buff/cache   available
Mem:           3.3Gi       2.2Gi       250Mi        53Mi       1.1Gi       1.1Gi
Swap:          3.4Gi       179Mi       3.3Gi

Disk Usage:
Filesystem      Size  Used Avail Use% Mounted on
tmpfs           336M  2.4M  334M   1% /run
/dev/sda2        20G  9.5G  9.1G  52% /
tmpfs           1.7G  4.0K  1.7G   1% /dev/shm
tmpfs           5.0M  8.0K  5.0M   1% /run/lock
tmpfs           1.0M     0  1.0M   0% /run/credentials/systemd-journald.service
tmpfs           1.0M     0  1.0M   0% /run/credentials/systemd-resolved.service
tmpfs           1.7G   48K  1.7G   1% /tmp
tmpfs           336M  4.1M  332M   2% /run/user/1000
tmpfs           336M   76K  336M   1% /run/user/1001
----------------------------

------ Fri Oct 17 03:38:01 PM EDT 2025 ------
Uptime:
 15:38:01 up  1:12,  4 users,  load average: 0.18, 0.45, 0.35

Memory Usage:
               total        used        free      shared  buff/cache   available
Mem:           3.3Gi       2.2Gi       237Mi        53Mi       1.1Gi       1.0Gi
Swap:          3.4Gi       179Mi       3.3Gi

Disk Usage:
Filesystem      Size  Used Avail Use% Mounted on
tmpfs           336M  2.4M  334M   1% /run
/dev/sda2        20G  9.5G  9.1G  52% /
tmpfs           1.7G  4.0K  1.7G   1% /dev/shm
tmpfs           5.0M  8.0K  5.0M   1% /run/lock
tmpfs           1.0M     0  1.0M   0% /run/credentials/systemd-journald.service
tmpfs           1.0M     0  1.0M   0% /run/credentials/systemd-resolved.service
tmpfs           1.7G   48K  1.7G   1% /tmp
tmpfs           336M  4.1M  332M   2% /run/user/1000
tmpfs           336M   76K  336M   1% /run/user/1001
----------------------------

------ Fri Oct 17 03:39:01 PM EDT 2025 ------
Uptime:
 15:39:01 up  1:13,  4 users,  load average: 0.21, 0.40, 0.34

Memory Usage:
               total        used        free      shared  buff/cache   available
Mem:           3.3Gi       2.2Gi       253Mi        53Mi       1.1Gi       1.1Gi
Swap:          3.4Gi       179Mi       3.3Gi

Disk Usage:
Filesystem      Size  Used Avail Use% Mounted on
tmpfs           336M  2.4M  334M   1% /run
/dev/sda2        20G  9.5G  9.1G  52% /
tmpfs           1.7G  4.0K  1.7G   1% /dev/shm
tmpfs           5.0M  8.0K  5.0M   1% /run/lock
tmpfs           1.0M     0  1.0M   0% /run/credentials/systemd-journald.service
tmpfs           1.0M     0  1.0M   0% /run/credentials/systemd-resolved.service
tmpfs           1.7G   48K  1.7G   1% /tmp
tmpfs           336M  4.1M  332M   2% /run/user/1000
tmpfs           336M   76K  336M   1% /run/user/1001
----------------------------

------ Fri Oct 17 03:40:01 PM EDT 2025 ------
Uptime:
 15:40:01 up  1:14,  4 users,  load average: 0.26, 0.39, 0.34

Memory Usage:
               total        used        free      shared  buff/cache   available
Mem:           3.3Gi       2.2Gi       265Mi        53Mi       1.1Gi       1.1Gi
Swap:          3.4Gi       179Mi       3.3Gi

Disk Usage:
Filesystem      Size  Used Avail Use% Mounted on
tmpfs           336M  2.4M  334M   1% /run
/dev/sda2        20G  9.5G  9.1G  52% /
tmpfs           1.7G  4.0K  1.7G   1% /dev/shm
tmpfs           5.0M  8.0K  5.0M   1% /run/lock
tmpfs           1.0M     0  1.0M   0% /run/credentials/systemd-journald.service
tmpfs           1.0M     0  1.0M   0% /run/credentials/systemd-resolved.service
tmpfs           1.7G   48K  1.7G   1% /tmp
tmpfs           336M  4.1M  332M   2% /run/user/1000
tmpfs           336M   76K  336M   1% /run/user/1001
----------------------------

